// Jest Snapshot v1, https://goo.gl/fbAQLP

exports[`should render Favorites Component properly 1`] = `
<li
  class="item-wrapper"
>
  <h2
    class="item-header"
  >
    Punk IPA 2007 - 2010
  </h2>
  <h3
    class="item-tagline"
  >
    Post Modern Classic. Spiky. Tropical. Hoppy.
  </h3>
  <div
    class="item-info"
  >
    <p
      class="item-info__abv"
    >
      ABV: 
      6
      %
    </p>
    <p
      class="item-info__ibu"
    >
      IBU: 
      60
      %
    </p>
  </div>
  <button
    class="item-button item-button__fav"
  >
    <svg
      class="fav-icon"
      viewBox="0 0 260 245"
      xmlns="http://www.w3.org/2000/svg"
    >
      <path
        d="m56,237 74-228 74,228L10,96h240"
        fill="#829094"
      />
    </svg>
  </button>
  <div
    class="item-details "
  >
    <div
      class="details-description"
    >
      <p>
        Our flagship beer that kick started the craft beer revolution. This is James and Martin's original take on an American IPA, subverted with punchy New Zealand hops. Layered with new world hops to create an all-out riot of grapefruit, pineapple and lychee before a spiky, mouth-puckering bitter finish.
      </p>
      <img
        alt="Punk IPA 2007 - 2010"
        class="item-img"
        src="https://images.punkapi.com/v2/192.png"
      />
    </div>
    <div
      class="details-color"
    >
      <h3>
        Color:
      </h3>
      <div
        class="details-color__body"
      />
      <div
        class="details-color__indicator"
        style="transform: translateX(-116.66666666666666px);"
      />
    </div>
    <div
      class="ingredients-container"
    >
      <h3
        class="ingredients-header"
      >
        Ingredients
      </h3>
      <div
        class="ingredients-group"
      >
        <img
          alt="hops-icon"
          class="ingredients-icon"
          src="/hops-icon.png"
        />
        <ul
          class="ingredients-list"
        >
          <li
            class="ingredients-item"
          >
            Ahtanum
          </li>
          <li
            class="ingredients-item"
          >
            Chinook
          </li>
        </ul>
      </div>
      <div
        class="ingredients-group"
      >
        <img
          alt="malt-icon"
          class="ingredients-icon"
          src="/malt-icon.png"
        />
        <ul
          class="ingredients-list"
        >
          <li
            class="ingredients-item"
          >
            Extra Pale
          </li>
        </ul>
      </div>
      <div
        class="ingredients-group"
      >
        <img
          alt="yeast-icon"
          class="ingredients-icon"
          src="/yeast-icon.png"
        />
        <ul
          class="ingredients-list"
        >
          <li
            class="ingredients-item"
          >
            Wyeast 1056 - American Aleâ„¢
          </li>
        </ul>
      </div>
    </div>
    <div
      class="details-food"
    >
      <h3>
        Best served with:
      </h3>
      <ul>
        <li>
          Spicy carne asada with a pico de gallo sauce
        </li>
        <li>
          Shredded chicken tacos with a mango chilli lime salsa
        </li>
        <li>
          Cheesecake with a passion fruit swirl sauce
        </li>
      </ul>
    </div>
  </div>
</li>
`;
